{
  "version": "1.5.0",
  "plugins_used": [
    {
      "name": "ArtifactoryDetector"
    },
    {
      "name": "AWSKeyDetector"
    },
    {
      "name": "AzureStorageKeyDetector"
    },
    {
      "name": "Base64HighEntropyString",
      "limit": 4.5
    },
    {
      "name": "BasicAuthDetector"
    },
    {
      "name": "CloudantDetector"
    },
    {
      "name": "DiscordBotTokenDetector"
    },
    {
      "name": "GitHubTokenDetector"
    },
    {
      "name": "GitLabTokenDetector"
    },
    {
      "name": "HexHighEntropyString",
      "limit": 3.0
    },
    {
      "name": "IbmCloudIamDetector"
    },
    {
      "name": "IbmCosHmacDetector"
    },
    {
      "name": "IPPublicDetector"
    },
    {
      "name": "JwtTokenDetector"
    },
    {
      "name": "KeywordDetector",
      "keyword_exclude": ""
    },
    {
      "name": "MailchimpDetector"
    },
    {
      "name": "NpmDetector"
    },
    {
      "name": "OpenAIDetector"
    },
    {
      "name": "PrivateKeyDetector"
    },
    {
      "name": "PypiTokenDetector"
    },
    {
      "name": "SendGridDetector"
    },
    {
      "name": "SlackDetector"
    },
    {
      "name": "SoftlayerDetector"
    },
    {
      "name": "SquareOAuthDetector"
    },
    {
      "name": "StripeDetector"
    },
    {
      "name": "TelegramBotTokenDetector"
    },
    {
      "name": "TwilioKeyDetector"
    }
  ],
  "filters_used": [
    {
      "path": "detect_secrets.filters.allowlist.is_line_allowlisted"
    },
    {
      "path": "detect_secrets.filters.common.is_ignored_due_to_verification_policies",
      "min_level": 2
    },
    {
      "path": "detect_secrets.filters.heuristic.is_indirect_reference"
    },
    {
      "path": "detect_secrets.filters.heuristic.is_likely_id_string"
    },
    {
      "path": "detect_secrets.filters.heuristic.is_lock_file"
    },
    {
      "path": "detect_secrets.filters.heuristic.is_not_alphanumeric_string"
    },
    {
      "path": "detect_secrets.filters.heuristic.is_potential_uuid"
    },
    {
      "path": "detect_secrets.filters.heuristic.is_prefixed_with_dollar_sign"
    },
    {
      "path": "detect_secrets.filters.heuristic.is_sequential_string"
    },
    {
      "path": "detect_secrets.filters.heuristic.is_swagger_file"
    },
    {
      "path": "detect_secrets.filters.heuristic.is_templated_secret"
    },
    {
      "path": "detect_secrets.filters.regex.should_exclude_file",
      "pattern": [
        "(^|[/\\\\])\\.git([/\\\\]|$)|(^|[/\\\\])\\.secrets\\.baseline$|(^|[/\\\\])\\.opcoding-tools([/\\\\]|$)|(^|[/\\\\])\\.ruff_cache([/\\\\]|$)|(^|[/\\\\])\\.opcoding([/\\\\]|$)|(^|[/\\\\])\\.vestahub([/\\\\]|$)|(^|[/\\\\])vesta[/\\\\]assets[/\\\\].*\\.png$"
      ]
    }
  ],
  "results": {
    ".github/workflows/desktop-artifacts.yml": [
      {
        "type": "Hex High Entropy String",
        "filename": ".github/workflows/desktop-artifacts.yml",
        "hashed_secret": "03562a6a3bb846c7df3b299601e1eed6bdbd9333",
        "is_verified": false,
        "line_number": 273
      },
      {
        "type": "Secret Keyword",
        "filename": ".github/workflows/desktop-artifacts.yml",
        "hashed_secret": "3e26d6750975d678acb8fa35a0f69237881576b0",
        "is_verified": false,
        "line_number": 1228
      }
    ],
    "tests/test_update_download.py": [
      {
        "type": "Basic Auth Credentials",
        "filename": "tests/test_update_download.py",
        "hashed_secret": "9d4e1e23bd5b727046a9e3b4b7db57bd8d6ee684",
        "is_verified": false,
        "line_number": 186
      }
    ],
    "tests/test_update_packaging.py": [
      {
        "type": "Hex High Entropy String",
        "filename": "tests/test_update_packaging.py",
        "hashed_secret": "3aa4dc17e9b3607546f778c778659a2059901f27",
        "is_verified": false,
        "line_number": 41
      }
    ],
    "tests/test_update_release.py": [
      {
        "type": "Hex High Entropy String",
        "filename": "tests/test_update_release.py",
        "hashed_secret": "3aa4dc17e9b3607546f778c778659a2059901f27",
        "is_verified": false,
        "line_number": 78
      }
    ],
    "tests/test_update_release_pipeline.py": [
      {
        "type": "Secret Keyword",
        "filename": "tests/test_update_release_pipeline.py",
        "hashed_secret": "3e26d6750975d678acb8fa35a0f69237881576b0",
        "is_verified": false,
        "line_number": 29
      }
    ],
    "configs\\model-adapters.yaml": [
      {
        "type": "Secret Keyword",
        "filename": "configs\\model-adapters.yaml",
        "hashed_secret": "a190ccae10f15c069839260523cc80ea2ed529f0",
        "is_verified": false,
        "line_number": 7
      }
    ],
    "configs\\morph.yaml": [
      {
        "type": "Secret Keyword",
        "filename": "configs\\morph.yaml",
        "hashed_secret": "a190ccae10f15c069839260523cc80ea2ed529f0",
        "is_verified": false,
        "line_number": 4
      }
    ],
    "docs/superpowers/plans/2026-07-02-free-models-model-picker-groups.md": [
      {
        "type": "Secret Keyword",
        "filename": "docs/superpowers/plans/2026-07-02-free-models-model-picker-groups.md",
        "hashed_secret": "bc0fd06bc5a0bd0495c534b5e241af5703befbf9",
        "is_verified": false,
        "line_number": 393
      }
    ],
    "docs\\morph.md": [
      {
        "type": "Secret Keyword",
        "filename": "docs\\morph.md",
        "hashed_secret": "6d9c68c603e465077bdd49c62347fe54717f83a3",
        "is_verified": false,
        "line_number": 10
      }
    ],
    "vesta\\assets\\web\\__tests__\\e2e\\cli-parity.spec.js": [
      {
        "type": "Secret Keyword",
        "filename": "vesta\\assets\\web\\__tests__\\e2e\\cli-parity.spec.js",
        "hashed_secret": "4ba580410a78fd659910ae00d901099346488adc",
        "is_verified": false,
        "line_number": 40
      }
    ],
    "vesta\\assets\\web\\__tests__\\e2e\\helpers\\fixtures.js": [
      {
        "type": "Hex High Entropy String",
        "filename": "vesta\\assets\\web\\__tests__\\e2e\\helpers\\fixtures.js",
        "hashed_secret": "c7065852181ae5477f755082077ce6a8c271a195",
        "is_verified": false,
        "line_number": 316
      }
    ],
    "vesta\\assets\\web\\__tests__\\e2e\\settings-pages.spec.js": [
      {
        "type": "Hex High Entropy String",
        "filename": "vesta\\assets\\web\\__tests__\\e2e\\settings-pages.spec.js",
        "hashed_secret": "f54939009bd25f3908e0670ab78420af4f6e305f",
        "is_verified": false,
        "line_number": 69
      }
    ],
    "vestahub\\github_workflow.py": [
      {
        "type": "Secret Keyword",
        "filename": "vestahub\\github_workflow.py",
        "hashed_secret": "0dad5d4f8c0bec97084cd8b7db8c528f5b5b8a69",
        "is_verified": false,
        "line_number": 144
      }
    ],
    "vestahub\\vestabench.py": [
      {
        "type": "Secret Keyword",
        "filename": "vestahub\\vestabench.py",
        "hashed_secret": "c8731b4dd0b06d70ee334eb261ff24f2c883a744",
        "is_verified": false,
        "line_number": 170
      }
    ],
    "opcoding\\morph.py": [
      {
        "type": "Secret Keyword",
        "filename": "opcoding\\morph.py",
        "hashed_secret": "a190ccae10f15c069839260523cc80ea2ed529f0",
        "is_verified": false,
        "line_number": 21
      }
    ],
    "scripts\\agents_benchmark_cases.py": [
      {
        "type": "Secret Keyword",
        "filename": "scripts\\agents_benchmark_cases.py",
        "hashed_secret": "99d72c7fc3e2e145870beab37c0b70e343ea9c3b",
        "is_verified": false,
        "line_number": 224
      }
    ],
    "scripts\\ci_local.py": [
      {
        "type": "Secret Keyword",
        "filename": "scripts\\ci_local.py",
        "hashed_secret": "3c2ae4bf3ee04c18976cbbe260adb8a5a966fdab",
        "is_verified": false,
        "line_number": 302
      }
    ],
    "tests\\test_agent_activity_events.py": [
      {
        "type": "Secret Keyword",
        "filename": "tests\\test_agent_activity_events.py",
        "hashed_secret": "f9fbce25c69e31bd9a14e93e65ba878e5d8c7d99",
        "is_verified": false,
        "line_number": 25
      }
    ],
    "tests\\test_agent_autonomy.py": [
      {
        "type": "Secret Keyword",
        "filename": "tests\\test_agent_autonomy.py",
        "hashed_secret": "fe86558143c0bd528f649a153bdc32b8fa90301c",
        "is_verified": false,
        "line_number": 733
      }
    ],
    "tests\\test_agent_context_tools.py": [
      {
        "type": "Secret Keyword",
        "filename": "tests\\test_agent_context_tools.py",
        "hashed_secret": "f769386aa11d2d3f90a63c47b3c7550230353fa3",
        "is_verified": false,
        "line_number": 35
      }
    ],
    "tests\\test_agent_launch.py": [
      {
        "type": "Secret Keyword",
        "filename": "tests\\test_agent_launch.py",
        "hashed_secret": "a76584122136f164945590567c201edc851aa29c",
        "is_verified": false,
        "line_number": 197
      }
    ],
    "tests\\test_agent_runtime.py": [
      {
        "type": "Base64 High Entropy String",
        "filename": "tests\\test_agent_runtime.py",
        "hashed_secret": "7e634f2e8cbddf340740ee856bf272aaa6d6d770",
        "is_verified": false,
        "line_number": 105
      },
      {
        "type": "Base64 High Entropy String",
        "filename": "tests\\test_agent_runtime.py",
        "hashed_secret": "e6aa9dc072fcb9dbe42761f25c976143c39d3deb",
        "is_verified": false,
        "line_number": 110
      },
      {
        "type": "Base64 High Entropy String",
        "filename": "tests\\test_agent_runtime.py",
        "hashed_secret": "7b9fe2c2ef189b33c6a42ccdee93cbee3b8e6faa",
        "is_verified": false,
        "line_number": 384
      }
    ],
    "tests\\test_app_receipt.py": [
      {
        "type": "Secret Keyword",
        "filename": "tests\\test_app_receipt.py",
        "hashed_secret": "7ce6ed3727ece51d2219f2bdc7f6db3594dc4d7f",
        "is_verified": false,
        "line_number": 87
      }
    ],
    "tests\\test_background_automations.py": [
      {
        "type": "Base64 High Entropy String",
        "filename": "tests\\test_background_automations.py",
        "hashed_secret": "e6aa9dc072fcb9dbe42761f25c976143c39d3deb",
        "is_verified": false,
        "line_number": 83
      },
      {
        "type": "Secret Keyword",
        "filename": "tests\\test_background_automations.py",
        "hashed_secret": "e6aa9dc072fcb9dbe42761f25c976143c39d3deb",
        "is_verified": false,
        "line_number": 83
      }
    ],
    "tests\\test_benchmark.py": [
      {
        "type": "Secret Keyword",
        "filename": "tests\\test_benchmark.py",
        "hashed_secret": "7c07acd818685dc1f64226cffb4ffb80aeba8257",
        "is_verified": false,
        "line_number": 70
      }
    ],
    "tests\\test_boundary_redaction.py": [
      {
        "type": "Base64 High Entropy String",
        "filename": "tests\\test_boundary_redaction.py",
        "hashed_secret": "e94ff48f5eedc1755e6e53d9128bd65c50aaaee8",
        "is_verified": false,
        "line_number": 36
      },
      {
        "type": "Base64 High Entropy String",
        "filename": "tests\\test_boundary_redaction.py",
        "hashed_secret": "db7d81d177eef6e3924c253040fb647c538f4bf1",
        "is_verified": false,
        "line_number": 41
      },
      {
        "type": "Base64 High Entropy String",
        "filename": "tests\\test_boundary_redaction.py",
        "hashed_secret": "192f6ee3897d4e594b75b0d95d497384f244d726",
        "is_verified": false,
        "line_number": 47
      },
      {
        "type": "AWS Access Key",
        "filename": "tests\\test_boundary_redaction.py",
        "hashed_secret": "25910f981e85ca04baf359199dd0bd4a3ae738b6",
        "is_verified": false,
        "line_number": 51
      },
      {
        "type": "Base64 High Entropy String",
        "filename": "tests\\test_boundary_redaction.py",
        "hashed_secret": "35e4b2d829664265dec9ef1c633b4d6864bfa76a",
        "is_verified": false,
        "line_number": 68
      },
      {
        "type": "Base64 High Entropy String",
        "filename": "tests\\test_boundary_redaction.py",
        "hashed_secret": "05fd98ee3af587a605258c319bd3869e1e00d25b",
        "is_verified": false,
        "line_number": 136
      }
    ],
    "tests\\test_cancellation.py": [
      {
        "type": "Secret Keyword",
        "filename": "tests\\test_cancellation.py",
        "hashed_secret": "2396fcd5fed7010695620d94bb5326a0b775a839",
        "is_verified": false,
        "line_number": 108
      }
    ],
    "tests\\test_capture_integrity.py": [
      {
        "type": "Secret Keyword",
        "filename": "tests\\test_capture_integrity.py",
        "hashed_secret": "25f8a2ca54a83028491a2d2de5b54316510f9469",
        "is_verified": false,
        "line_number": 204
      }
    ],
    "tests\\test_ci_local.py": [
      {
        "type": "Secret Keyword",
        "filename": "tests\\test_ci_local.py",
        "hashed_secret": "26d397a72c6843d80ffd2dab7acadef7d8aa2637",
        "is_verified": false,
        "line_number": 168
      }
    ],
    "tests\\test_completion_contract.py": [
      {
        "type": "Base64 High Entropy String",
        "filename": "tests\\test_completion_contract.py",
        "hashed_secret": "d182143af678be8839f7b77aab7d398d4b0961b0",
        "is_verified": false,
        "line_number": 380
      },
      {
        "type": "Secret Keyword",
        "filename": "tests\\test_completion_contract.py",
        "hashed_secret": "d182143af678be8839f7b77aab7d398d4b0961b0",
        "is_verified": false,
        "line_number": 380
      }
    ],
    "tests\\test_connection_doctor.py": [
      {
        "type": "Secret Keyword",
        "filename": "tests\\test_connection_doctor.py",
        "hashed_secret": "f9fbce25c69e31bd9a14e93e65ba878e5d8c7d99",
        "is_verified": false,
        "line_number": 77
      }
    ],
    "tests\\test_cost_telemetry.py": [
      {
        "type": "Base64 High Entropy String",
        "filename": "tests\\test_cost_telemetry.py",
        "hashed_secret": "4322bdf9ddc744c7a785b58b07ba1b2647fe25fa",
        "is_verified": false,
        "line_number": 97
      },
      {
        "type": "Secret Keyword",
        "filename": "tests\\test_cost_telemetry.py",
        "hashed_secret": "4322bdf9ddc744c7a785b58b07ba1b2647fe25fa",
        "is_verified": false,
        "line_number": 97
      },
      {
        "type": "Secret Keyword",
        "filename": "tests\\test_cost_telemetry.py",
        "hashed_secret": "c8731b4dd0b06d70ee334eb261ff24f2c883a744",
        "is_verified": false,
        "line_number": 190
      }
    ],
    "tests\\test_desktop_artifacts.py": [
      {
        "type": "Secret Keyword",
        "filename": "tests\\test_desktop_artifacts.py",
        "hashed_secret": "426a867a184fba8ea1740c45445cabb3540039e3",
        "is_verified": false,
        "line_number": 334
      },
      {
        "type": "Base64 High Entropy String",
        "filename": "tests\\test_desktop_artifacts.py",
        "hashed_secret": "4c57efa14624458765ae91185346a00043b8d503",
        "is_verified": false,
        "line_number": 338
      }
    ],
    "tests\\test_efficiency_growth.py": [
      {
        "type": "Secret Keyword",
        "filename": "tests\\test_efficiency_growth.py",
        "hashed_secret": "c00ed1cb1e83de747b6020c79c544140061d5fed",
        "is_verified": false,
        "line_number": 75
      }
    ],
    "tests\\test_evidence_router.py": [
      {
        "type": "Secret Keyword",
        "filename": "tests\\test_evidence_router.py",
        "hashed_secret": "22a1b233d27c14394dfc73b8a5f498cf2c03cf46",
        "is_verified": false,
        "line_number": 100
      },
      {
        "type": "Base64 High Entropy String",
        "filename": "tests\\test_evidence_router.py",
        "hashed_secret": "10c0480c3f8c5f9e9aa2ee1e32694e519adf94e9",
        "is_verified": false,
        "line_number": 174
      },
      {
        "type": "Secret Keyword",
        "filename": "tests\\test_evidence_router.py",
        "hashed_secret": "10c0480c3f8c5f9e9aa2ee1e32694e519adf94e9",
        "is_verified": false,
        "line_number": 174
      },
      {
        "type": "Base64 High Entropy String",
        "filename": "tests\\test_evidence_router.py",
        "hashed_secret": "c804a1350832be87102dd94daedfb9ec01eebf00",
        "is_verified": false,
        "line_number": 194
      },
      {
        "type": "Secret Keyword",
        "filename": "tests\\test_evidence_router.py",
        "hashed_secret": "22f2808a72bdea6b4fb0672b47617a072ca4fee0",
        "is_verified": false,
        "line_number": 409
      },
      {
        "type": "Base64 High Entropy String",
        "filename": "tests\\test_evidence_router.py",
        "hashed_secret": "67d0d359fee59c286477e81cab7019e3c68dd440",
        "is_verified": false,
        "line_number": 433
      }
    ],
    "tests\\test_failure_envelope.py": [
      {
        "type": "Base64 High Entropy String",
        "filename": "tests\\test_failure_envelope.py",
        "hashed_secret": "09f603a51136ea1eb6532136756c1f799c2fc01c",
        "is_verified": false,
        "line_number": 118
      },
      {
        "type": "Secret Keyword",
        "filename": "tests\\test_failure_envelope.py",
        "hashed_secret": "09f603a51136ea1eb6532136756c1f799c2fc01c",
        "is_verified": false,
        "line_number": 118
      }
    ],
    "tests\\test_git_commit_idempotency.py": [
      {
        "type": "Secret Keyword",
        "filename": "tests\\test_git_commit_idempotency.py",
        "hashed_secret": "f3bbbd66a63d4bf1747940578ec3d0103530e21d",
        "is_verified": false,
        "line_number": 152
      }
    ],
    "tests\\test_gitops_security.py": [
      {
        "type": "Secret Keyword",
        "filename": "tests\\test_gitops_security.py",
        "hashed_secret": "c8731b4dd0b06d70ee334eb261ff24f2c883a744",
        "is_verified": false,
        "line_number": 157
      }
    ],
    "tests\\test_gui_recents.py": [
      {
        "type": "Base64 High Entropy String",
        "filename": "tests\\test_gui_recents.py",
        "hashed_secret": "e6aa9dc072fcb9dbe42761f25c976143c39d3deb",
        "is_verified": false,
        "line_number": 90
      }
    ],
    "tests\\test_owner_lease.py": [
      {
        "type": "Secret Keyword",
        "filename": "tests\\test_owner_lease.py",
        "hashed_secret": "f32b67c7e26342af42efabc674d441dca0a281c5",
        "is_verified": false,
        "line_number": 157
      }
    ],
    "tests\\test_provider_contract_surfaces.py": [
      {
        "type": "Secret Keyword",
        "filename": "tests\\test_provider_contract_surfaces.py",
        "hashed_secret": "bd63d6b39f97d85cddcd0f905b825fe61aec6815",
        "is_verified": false,
        "line_number": 167
      }
    ],
    "tests\\test_provider_env_sanitization.py": [
      {
        "type": "Secret Keyword",
        "filename": "tests\\test_provider_env_sanitization.py",
        "hashed_secret": "c734e47630dda71619c696d88381f06f7511bd78",
        "is_verified": false,
        "line_number": 36
      },
      {
        "type": "Secret Keyword",
        "filename": "tests\\test_provider_env_sanitization.py",
        "hashed_secret": "56e1d57b8db262b08bc73c60ed08d8c92e59503f",
        "is_verified": false,
        "line_number": 43
      }
    ],
    "tests\\test_reasoning_content_continuity.py": [
      {
        "type": "Secret Keyword",
        "filename": "tests\\test_reasoning_content_continuity.py",
        "hashed_secret": "8fcef79a3c27345fac442c018ace9fc9aa1b4868",
        "is_verified": false,
        "line_number": 369
      }
    ],
    "tests\\test_receipt_evidence.py": [
      {
        "type": "Secret Keyword",
        "filename": "tests\\test_receipt_evidence.py",
        "hashed_secret": "7c796c32c1dd67eca34ad5a8d62c4808cb8adf25",
        "is_verified": false,
        "line_number": 118
      }
    ],
    "tests\\test_reliable_ai_controls.py": [
      {
        "type": "Secret Keyword",
        "filename": "tests\\test_reliable_ai_controls.py",
        "hashed_secret": "8160163a6897b9f96aae04dbe44e1057c1f938e3",
        "is_verified": false,
        "line_number": 189
      }
    ],
    "tests\\test_run_checkpoints.py": [
      {
        "type": "Secret Keyword",
        "filename": "tests\\test_run_checkpoints.py",
        "hashed_secret": "c8731b4dd0b06d70ee334eb261ff24f2c883a744",
        "is_verified": false,
        "line_number": 125
      },
      {
        "type": "Base64 High Entropy String",
        "filename": "tests\\test_run_checkpoints.py",
        "hashed_secret": "e6aa9dc072fcb9dbe42761f25c976143c39d3deb",
        "is_verified": false,
        "line_number": 525
      },
      {
        "type": "Secret Keyword",
        "filename": "tests\\test_run_checkpoints.py",
        "hashed_secret": "e6aa9dc072fcb9dbe42761f25c976143c39d3deb",
        "is_verified": false,
        "line_number": 525
      }
    ],
    "tests\\test_savings_honesty.py": [
      {
        "type": "Secret Keyword",
        "filename": "tests\\test_savings_honesty.py",
        "hashed_secret": "b3a11e3826334efe51f45e118202803ed8bf4bf3",
        "is_verified": false,
        "line_number": 548
      }
    ],
    "tests\\test_secret_canaries.py": [
      {
        "type": "GitHub Token",
        "filename": "tests\\test_secret_canaries.py",
        "hashed_secret": "e175c6f5f2a92e8623bd9a4820edb4e8c1b0fd10",
        "is_verified": false,
        "line_number": 33
      },
      {
        "type": "Base64 High Entropy String",
        "filename": "tests\\test_secret_canaries.py",
        "hashed_secret": "e27eeafc6e0978fb6b19ea82ba2cedc09d457142",
        "is_verified": false,
        "line_number": 37
      },
      {
        "type": "Base64 High Entropy String",
        "filename": "tests\\test_secret_canaries.py",
        "hashed_secret": "09f603a51136ea1eb6532136756c1f799c2fc01c",
        "is_verified": false,
        "line_number": 39
      },
      {
        "type": "Secret Keyword",
        "filename": "tests\\test_secret_canaries.py",
        "hashed_secret": "09f603a51136ea1eb6532136756c1f799c2fc01c",
        "is_verified": false,
        "line_number": 39
      },
      {
        "type": "Base64 High Entropy String",
        "filename": "tests\\test_secret_canaries.py",
        "hashed_secret": "26d742684e5dcc5a41fa4349c086807907631b38",
        "is_verified": false,
        "line_number": 40
      },
      {
        "type": "AWS Access Key",
        "filename": "tests\\test_secret_canaries.py",
        "hashed_secret": "25910f981e85ca04baf359199dd0bd4a3ae738b6",
        "is_verified": false,
        "line_number": 41
      },
      {
        "type": "Base64 High Entropy String",
        "filename": "tests\\test_secret_canaries.py",
        "hashed_secret": "255d8236e957e5dcceaacf8eceb7ade5957c7e59",
        "is_verified": false,
        "line_number": 42
      },
      {
        "type": "Base64 High Entropy String",
        "filename": "tests\\test_secret_canaries.py",
        "hashed_secret": "a05367105f555c0221386b238215f8f98d7012e5",
        "is_verified": false,
        "line_number": 52
      },
      {
        "type": "Base64 High Entropy String",
        "filename": "tests\\test_secret_canaries.py",
        "hashed_secret": "e282032af23e326bd0a32bef21690347ec3d2e96",
        "is_verified": false,
        "line_number": 54
      },
      {
        "type": "Secret Keyword",
        "filename": "tests\\test_secret_canaries.py",
        "hashed_secret": "e282032af23e326bd0a32bef21690347ec3d2e96",
        "is_verified": false,
        "line_number": 54
      },
      {
        "type": "Base64 High Entropy String",
        "filename": "tests\\test_secret_canaries.py",
        "hashed_secret": "38e88298a56f5985f22e40db030694024c4e109e",
        "is_verified": false,
        "line_number": 55
      },
      {
        "type": "Secret Keyword",
        "filename": "tests\\test_secret_canaries.py",
        "hashed_secret": "38e88298a56f5985f22e40db030694024c4e109e",
        "is_verified": false,
        "line_number": 55
      }
    ],
    "tests\\test_session_resume.py": [
      {
        "type": "Base64 High Entropy String",
        "filename": "tests\\test_session_resume.py",
        "hashed_secret": "edd2e7ac4f61d0c606e80a0919d727540842a307",
        "is_verified": false,
        "line_number": 188
      },
      {
        "type": "Secret Keyword",
        "filename": "tests\\test_session_resume.py",
        "hashed_secret": "edd2e7ac4f61d0c606e80a0919d727540842a307",
        "is_verified": false,
        "line_number": 188
      }
    ]
  },
  "generated_at": "2026-08-09T21:27:21Z"
}
